	output.sorted	output2.sorted
GCA_002738205.1_ASM273820v1_genomic	NA	NA
